Archive member included because of file (symbol)

/usr/lib/gcc/avr/4.9.1/avr5/libgcc.a(_exit.o)
                              /usr/lib/gcc/avr/4.9.1/../../../../avr/lib/avr5/crtm32.o (exit)
/usr/lib/gcc/avr/4.9.1/avr5/libgcc.a(_copy_data.o)
                              obj/Debug/1wire.o (__do_copy_data)
/usr/lib/gcc/avr/4.9.1/avr5/libgcc.a(_clear_bss.o)
                              obj/Debug/1wire.o (__do_clear_bss)

Allocating common symbols
Common symbol       size              file

write_state         0x2               obj/Debug/1wire.o
Bus_states          0xdd              obj/Debug/1wire.o
read_bit            0x2               obj/Debug/1wire.o
fifo                0x10              obj/Debug/1wire.o
state_count         0x2               obj/Debug/1wire.o
write_bit           0x2               obj/Debug/1wire.o

Memory Configuration

Name             Origin             Length             Attributes
text             0x0000000000000000 0x0000000000020000 xr
data             0x0000000000800060 0x000000000000ffa0 rw !x
eeprom           0x0000000000810000 0x0000000000010000 rw !x
fuse             0x0000000000820000 0x0000000000000400 rw !x
lock             0x0000000000830000 0x0000000000000400 rw !x
signature        0x0000000000840000 0x0000000000000400 rw !x
*default*        0x0000000000000000 0xffffffffffffffff

Linker script and memory map

LOAD /usr/lib/gcc/avr/4.9.1/../../../../avr/lib/avr5/crtm32.o
LOAD obj/Debug/1wire.o
LOAD obj/Debug/main.o
LOAD /usr/lib/gcc/avr/4.9.1/avr5/libgcc.a
LOAD /usr/lib/gcc/avr/4.9.1/../../../../avr/lib/avr5/libm.a
START GROUP
LOAD /usr/lib/gcc/avr/4.9.1/avr5/libgcc.a
LOAD /usr/lib/gcc/avr/4.9.1/../../../../avr/lib/avr5/libm.a
LOAD /usr/lib/gcc/avr/4.9.1/../../../../avr/lib/avr5/libc.a
END GROUP

.hash
 *(.hash)

.dynsym
 *(.dynsym)

.dynstr
 *(.dynstr)

.gnu.version
 *(.gnu.version)

.gnu.version_d
 *(.gnu.version_d)

.gnu.version_r
 *(.gnu.version_r)

.rel.init
 *(.rel.init)

.rela.init
 *(.rela.init)

.rel.text
 *(.rel.text)
 *(.rel.text.*)
 *(.rel.gnu.linkonce.t*)

.rela.text
 *(.rela.text)
 *(.rela.text.*)
 *(.rela.gnu.linkonce.t*)

.rel.fini
 *(.rel.fini)

.rela.fini
 *(.rela.fini)

.rel.rodata
 *(.rel.rodata)
 *(.rel.rodata.*)
 *(.rel.gnu.linkonce.r*)

.rela.rodata
 *(.rela.rodata)
 *(.rela.rodata.*)
 *(.rela.gnu.linkonce.r*)

.rel.data
 *(.rel.data)
 *(.rel.data.*)
 *(.rel.gnu.linkonce.d*)

.rela.data
 *(.rela.data)
 *(.rela.data.*)
 *(.rela.gnu.linkonce.d*)

.rel.ctors
 *(.rel.ctors)

.rela.ctors
 *(.rela.ctors)

.rel.dtors
 *(.rel.dtors)

.rela.dtors
 *(.rela.dtors)

.rel.got
 *(.rel.got)

.rela.got
 *(.rela.got)

.rel.bss
 *(.rel.bss)

.rela.bss
 *(.rela.bss)

.rel.plt
 *(.rel.plt)

.rela.plt
 *(.rela.plt)

.text           0x0000000000000000      0xbbc
 *(.vectors)
 .vectors       0x0000000000000000       0x54 /usr/lib/gcc/avr/4.9.1/../../../../avr/lib/avr5/crtm32.o
                0x0000000000000000                __vectors
                0x0000000000000000                __vector_default
 *(.vectors)
 *(.progmem.gcc*)
                0x0000000000000054                . = ALIGN (0x2)
                0x0000000000000054                __trampolines_start = .
 *(.trampolines)
 .trampolines   0x0000000000000054        0x0 linker stubs
 *(.trampolines*)
                0x0000000000000054                __trampolines_end = .
 *(.progmem*)
                0x0000000000000054                . = ALIGN (0x2)
 *(.jumptables)
 *(.jumptables*)
 *(.lowtext)
 *(.lowtext*)
                0x0000000000000054                __ctors_start = .
 *(.ctors)
                0x0000000000000054                __ctors_end = .
                0x0000000000000054                __dtors_start = .
 *(.dtors)
                0x0000000000000054                __dtors_end = .
 SORT(*)(.ctors)
 SORT(*)(.dtors)
 *(.init0)
 .init0         0x0000000000000054        0x0 /usr/lib/gcc/avr/4.9.1/../../../../avr/lib/avr5/crtm32.o
                0x0000000000000054                __init
 *(.init0)
 *(.init1)
 *(.init1)
 *(.init2)
 .init2         0x0000000000000054        0xc /usr/lib/gcc/avr/4.9.1/../../../../avr/lib/avr5/crtm32.o
 *(.init2)
 *(.init3)
 *(.init3)
 *(.init4)
 .init4         0x0000000000000060       0x16 /usr/lib/gcc/avr/4.9.1/avr5/libgcc.a(_copy_data.o)
                0x0000000000000060                __do_copy_data
 .init4         0x0000000000000076       0x10 /usr/lib/gcc/avr/4.9.1/avr5/libgcc.a(_clear_bss.o)
                0x0000000000000076                __do_clear_bss
 *(.init4)
 *(.init5)
 *(.init5)
 *(.init6)
 *(.init6)
 *(.init7)
 *(.init7)
 *(.init8)
 *(.init8)
 *(.init9)
 .init9         0x0000000000000086        0x8 /usr/lib/gcc/avr/4.9.1/../../../../avr/lib/avr5/crtm32.o
 *(.init9)
 *(.text)
 .text          0x000000000000008e        0x4 /usr/lib/gcc/avr/4.9.1/../../../../avr/lib/avr5/crtm32.o
                0x000000000000008e                __vector_12
                0x000000000000008e                __bad_interrupt
                0x000000000000008e                __vector_6
                0x000000000000008e                __vector_3
                0x000000000000008e                __vector_11
                0x000000000000008e                __vector_17
                0x000000000000008e                __vector_19
                0x000000000000008e                __vector_7
                0x000000000000008e                __vector_5
                0x000000000000008e                __vector_4
                0x000000000000008e                __vector_9
                0x000000000000008e                __vector_2
                0x000000000000008e                __vector_15
                0x000000000000008e                __vector_8
                0x000000000000008e                __vector_16
                0x000000000000008e                __vector_18
                0x000000000000008e                __vector_20
 .text          0x0000000000000092      0x83e obj/Debug/1wire.o
                0x0000000000000092                pinINPUT
                0x00000000000000c4                pinOUTPUT
                0x00000000000000f6                extINT_steigend
                0x000000000000013a                extINT_fallend
                0x000000000000017e                extINT_aus
                0x000000000000019e                timer_settings
                0x00000000000001e2                timer_int_aus
                0x0000000000000202                set_read_bit_to_1
                0x0000000000000230                write_bit_to_fifo
                0x0000000000000306                write_byte_to_fifo
                0x000000000000034c                read_bit_from_fifo
                0x00000000000003c2                read_byte_from_fifo
                0x0000000000000418                nichts
                0x0000000000000426                setup_Bus_states
                0x0000000000000464                set_state_settings
                0x00000000000004dc                alternativ_state_call
                0x0000000000000514                state_call_write
                0x0000000000000568                state_call_read
                0x000000000000057e                call_next_state
                0x00000000000005b6                check_timer
                0x0000000000000658                back_to_idle_state
                0x0000000000000672                __vector_1
                0x00000000000006e8                __vector_10
                0x000000000000075e                einstellungen_1wire
                0x000000000000077c                ein_1wire
                0x000000000000078e                aus_1wire
                0x00000000000007b0                getc_1wire
                0x00000000000007c2                putc_1wire
                0x000000000000081a                putc_str_1wire
 .text          0x00000000000008d0      0x2e8 obj/Debug/main.o
                0x00000000000008d0                __vector_13
                0x000000000000096a                __vector_14
                0x00000000000009f0                uart_init
                0x0000000000000a62                uart_getc
                0x0000000000000ab6                uart_putc
                0x0000000000000b0a                uart_puts
                0x0000000000000b46                uart_puts_p
                0x0000000000000b98                main
 .text          0x0000000000000bb8        0x0 /usr/lib/gcc/avr/4.9.1/avr5/libgcc.a(_exit.o)
 .text          0x0000000000000bb8        0x0 /usr/lib/gcc/avr/4.9.1/avr5/libgcc.a(_copy_data.o)
 .text          0x0000000000000bb8        0x0 /usr/lib/gcc/avr/4.9.1/avr5/libgcc.a(_clear_bss.o)
                0x0000000000000bb8                . = ALIGN (0x2)
 *(.text.*)
 .text.libgcc.mul
                0x0000000000000bb8        0x0 /usr/lib/gcc/avr/4.9.1/avr5/libgcc.a(_exit.o)
 .text.libgcc.div
                0x0000000000000bb8        0x0 /usr/lib/gcc/avr/4.9.1/avr5/libgcc.a(_exit.o)
 .text.libgcc   0x0000000000000bb8        0x0 /usr/lib/gcc/avr/4.9.1/avr5/libgcc.a(_exit.o)
 .text.libgcc.prologue
                0x0000000000000bb8        0x0 /usr/lib/gcc/avr/4.9.1/avr5/libgcc.a(_exit.o)
 .text.libgcc.builtins
                0x0000000000000bb8        0x0 /usr/lib/gcc/avr/4.9.1/avr5/libgcc.a(_exit.o)
 .text.libgcc.fmul
                0x0000000000000bb8        0x0 /usr/lib/gcc/avr/4.9.1/avr5/libgcc.a(_exit.o)
 .text.libgcc.fixed
                0x0000000000000bb8        0x0 /usr/lib/gcc/avr/4.9.1/avr5/libgcc.a(_exit.o)
 .text.libgcc.mul
                0x0000000000000bb8        0x0 /usr/lib/gcc/avr/4.9.1/avr5/libgcc.a(_copy_data.o)
 .text.libgcc.div
                0x0000000000000bb8        0x0 /usr/lib/gcc/avr/4.9.1/avr5/libgcc.a(_copy_data.o)
 .text.libgcc   0x0000000000000bb8        0x0 /usr/lib/gcc/avr/4.9.1/avr5/libgcc.a(_copy_data.o)
 .text.libgcc.prologue
                0x0000000000000bb8        0x0 /usr/lib/gcc/avr/4.9.1/avr5/libgcc.a(_copy_data.o)
 .text.libgcc.builtins
                0x0000000000000bb8        0x0 /usr/lib/gcc/avr/4.9.1/avr5/libgcc.a(_copy_data.o)
 .text.libgcc.fmul
                0x0000000000000bb8        0x0 /usr/lib/gcc/avr/4.9.1/avr5/libgcc.a(_copy_data.o)
 .text.libgcc.fixed
                0x0000000000000bb8        0x0 /usr/lib/gcc/avr/4.9.1/avr5/libgcc.a(_copy_data.o)
 .text.libgcc.mul
                0x0000000000000bb8        0x0 /usr/lib/gcc/avr/4.9.1/avr5/libgcc.a(_clear_bss.o)
 .text.libgcc.div
                0x0000000000000bb8        0x0 /usr/lib/gcc/avr/4.9.1/avr5/libgcc.a(_clear_bss.o)
 .text.libgcc   0x0000000000000bb8        0x0 /usr/lib/gcc/avr/4.9.1/avr5/libgcc.a(_clear_bss.o)
 .text.libgcc.prologue
                0x0000000000000bb8        0x0 /usr/lib/gcc/avr/4.9.1/avr5/libgcc.a(_clear_bss.o)
 .text.libgcc.builtins
                0x0000000000000bb8        0x0 /usr/lib/gcc/avr/4.9.1/avr5/libgcc.a(_clear_bss.o)
 .text.libgcc.fmul
                0x0000000000000bb8        0x0 /usr/lib/gcc/avr/4.9.1/avr5/libgcc.a(_clear_bss.o)
 .text.libgcc.fixed
                0x0000000000000bb8        0x0 /usr/lib/gcc/avr/4.9.1/avr5/libgcc.a(_clear_bss.o)
                0x0000000000000bb8                . = ALIGN (0x2)
 *(.fini9)
 .fini9         0x0000000000000bb8        0x0 /usr/lib/gcc/avr/4.9.1/avr5/libgcc.a(_exit.o)
                0x0000000000000bb8                exit
                0x0000000000000bb8                _exit
 *(.fini9)
 *(.fini8)
 *(.fini8)
 *(.fini7)
 *(.fini7)
 *(.fini6)
 *(.fini6)
 *(.fini5)
 *(.fini5)
 *(.fini4)
 *(.fini4)
 *(.fini3)
 *(.fini3)
 *(.fini2)
 *(.fini2)
 *(.fini1)
 *(.fini1)
 *(.fini0)
 .fini0         0x0000000000000bb8        0x4 /usr/lib/gcc/avr/4.9.1/avr5/libgcc.a(_exit.o)
 *(.fini0)
                0x0000000000000bbc                _etext = .

.data           0x0000000000800060       0xde load address 0x0000000000000bbc
                0x0000000000800060                PROVIDE (__data_start, .)
 *(.data)
 .data          0x0000000000800060        0x0 /usr/lib/gcc/avr/4.9.1/../../../../avr/lib/avr5/crtm32.o
 .data          0x0000000000800060        0x0 obj/Debug/1wire.o
 .data          0x0000000000800060        0x0 obj/Debug/main.o
 .data          0x0000000000800060        0x0 /usr/lib/gcc/avr/4.9.1/avr5/libgcc.a(_exit.o)
 .data          0x0000000000800060        0x0 /usr/lib/gcc/avr/4.9.1/avr5/libgcc.a(_copy_data.o)
 .data          0x0000000000800060        0x0 /usr/lib/gcc/avr/4.9.1/avr5/libgcc.a(_clear_bss.o)
 *(.data*)
 *(.rodata)
 .rodata        0x0000000000800060       0xdd obj/Debug/1wire.o
 *(.rodata*)
 *(.gnu.linkonce.d*)
                0x000000000080013e                . = ALIGN (0x2)
 *fill*         0x000000000080013d        0x1 
                0x000000000080013e                _edata = .
                0x000000000080013e                PROVIDE (__data_end, .)

.bss            0x000000000080013e      0x142
                0x000000000080013e                PROVIDE (__bss_start, .)
 *(.bss)
 .bss           0x000000000080013e        0x0 /usr/lib/gcc/avr/4.9.1/../../../../avr/lib/avr5/crtm32.o
 .bss           0x000000000080013e        0x8 obj/Debug/1wire.o
                0x000000000080013e                rd
                0x0000000000800140                wr
                0x0000000000800142                bitstelle_fifo
                0x0000000000800144                bitstelle_fifo_fifo_read
 .bss           0x0000000000800146       0x45 obj/Debug/main.o
 .bss           0x000000000080018b        0x0 /usr/lib/gcc/avr/4.9.1/avr5/libgcc.a(_exit.o)
 .bss           0x000000000080018b        0x0 /usr/lib/gcc/avr/4.9.1/avr5/libgcc.a(_copy_data.o)
 .bss           0x000000000080018b        0x0 /usr/lib/gcc/avr/4.9.1/avr5/libgcc.a(_clear_bss.o)
 *(.bss*)
 *(COMMON)
 COMMON         0x000000000080018b       0xf5 obj/Debug/1wire.o
                0x000000000080018b                write_state
                0x000000000080018d                Bus_states
                0x000000000080026a                read_bit
                0x000000000080026c                fifo
                0x000000000080027c                state_count
                0x000000000080027e                write_bit
                0x0000000000800280                PROVIDE (__bss_end, .)
                0x0000000000000bbc                __data_load_start = LOADADDR (.data)
                0x0000000000000c9a                __data_load_end = (__data_load_start + SIZEOF (.data))

.noinit         0x0000000000800280        0x0
                0x0000000000800280                PROVIDE (__noinit_start, .)
 *(.noinit*)
                0x0000000000800280                PROVIDE (__noinit_end, .)
                0x0000000000800280                _end = .
                0x0000000000800280                PROVIDE (__heap_start, .)

.eeprom         0x0000000000810000        0x0
 *(.eeprom*)
                0x0000000000810000                __eeprom_end = .

.fuse
 *(.fuse)
 *(.lfuse)
 *(.hfuse)
 *(.efuse)

.lock
 *(.lock*)

.signature
 *(.signature*)

.stab           0x0000000000000000     0x1bcc
 *(.stab)
 .stab          0x0000000000000000     0x1260 obj/Debug/1wire.o
 .stab          0x0000000000001260      0x96c obj/Debug/main.o
                                        0xb94 (size before relaxing)

.stabstr        0x0000000000000000     0x13d8
 *(.stabstr)
 .stabstr       0x0000000000000000     0x13d8 obj/Debug/1wire.o

.stab.excl
 *(.stab.excl)

.stab.exclstr
 *(.stab.exclstr)

.stab.index
 *(.stab.index)

.stab.indexstr
 *(.stab.indexstr)

.comment        0x0000000000000000       0x11
 *(.comment)
 .comment       0x0000000000000000       0x11 obj/Debug/1wire.o
                                         0x12 (size before relaxing)
 .comment       0x0000000000000000       0x12 obj/Debug/main.o

.note.gnu.build-id
 *(.note.gnu.build-id)

.debug
 *(.debug)

.line
 *(.line)

.debug_srcinfo
 *(.debug_srcinfo)

.debug_sfnames
 *(.debug_sfnames)

.debug_aranges
 *(.debug_aranges)

.debug_pubnames
 *(.debug_pubnames)

.debug_info     0x0000000000000000      0x4e6
 *(.debug_info .gnu.linkonce.wi.*)
 .debug_info    0x0000000000000000      0x4e6 /usr/lib/gcc/avr/4.9.1/../../../../avr/lib/avr5/crtm32.o

.debug_abbrev   0x0000000000000000      0x4a3
 *(.debug_abbrev)
 .debug_abbrev  0x0000000000000000      0x4a3 /usr/lib/gcc/avr/4.9.1/../../../../avr/lib/avr5/crtm32.o

.debug_line     0x0000000000000000       0x1d
 *(.debug_line .debug_line.* .debug_line_end)
 .debug_line    0x0000000000000000       0x1d /usr/lib/gcc/avr/4.9.1/../../../../avr/lib/avr5/crtm32.o

.debug_frame
 *(.debug_frame)

.debug_str      0x0000000000000000      0x196
 *(.debug_str)
 .debug_str     0x0000000000000000      0x196 /usr/lib/gcc/avr/4.9.1/../../../../avr/lib/avr5/crtm32.o

.debug_loc
 *(.debug_loc)

.debug_macinfo
 *(.debug_macinfo)

.debug_weaknames
 *(.debug_weaknames)

.debug_funcnames
 *(.debug_funcnames)

.debug_typenames
 *(.debug_typenames)

.debug_varnames
 *(.debug_varnames)

.debug_pubtypes
 *(.debug_pubtypes)

.debug_ranges
 *(.debug_ranges)

.debug_macro
 *(.debug_macro)
OUTPUT(bin/Debug/zimmer_steuerung.elf elf32-avr)
LOAD linker stubs

Cross Reference Table

Symbol                                            File
Bus_states                                        obj/Debug/1wire.o
__bad_interrupt                                   /usr/lib/gcc/avr/4.9.1/../../../../avr/lib/avr5/crtm32.o
__bss_end                                         /usr/lib/gcc/avr/4.9.1/avr5/libgcc.a(_clear_bss.o)
__bss_start                                       /usr/lib/gcc/avr/4.9.1/avr5/libgcc.a(_clear_bss.o)
__data_end                                        /usr/lib/gcc/avr/4.9.1/avr5/libgcc.a(_copy_data.o)
__data_load_start                                 /usr/lib/gcc/avr/4.9.1/avr5/libgcc.a(_copy_data.o)
__data_start                                      /usr/lib/gcc/avr/4.9.1/avr5/libgcc.a(_copy_data.o)
__do_clear_bss                                    /usr/lib/gcc/avr/4.9.1/avr5/libgcc.a(_clear_bss.o)
                                                  obj/Debug/main.o
                                                  obj/Debug/1wire.o
__do_copy_data                                    /usr/lib/gcc/avr/4.9.1/avr5/libgcc.a(_copy_data.o)
                                                  obj/Debug/1wire.o
__heap_end                                        /usr/lib/gcc/avr/4.9.1/../../../../avr/lib/avr5/crtm32.o
__init                                            /usr/lib/gcc/avr/4.9.1/../../../../avr/lib/avr5/crtm32.o
__stack                                           /usr/lib/gcc/avr/4.9.1/../../../../avr/lib/avr5/crtm32.o
__vector_1                                        obj/Debug/1wire.o
                                                  /usr/lib/gcc/avr/4.9.1/../../../../avr/lib/avr5/crtm32.o
__vector_10                                       obj/Debug/1wire.o
                                                  /usr/lib/gcc/avr/4.9.1/../../../../avr/lib/avr5/crtm32.o
__vector_11                                       /usr/lib/gcc/avr/4.9.1/../../../../avr/lib/avr5/crtm32.o
__vector_12                                       /usr/lib/gcc/avr/4.9.1/../../../../avr/lib/avr5/crtm32.o
__vector_13                                       obj/Debug/main.o
                                                  /usr/lib/gcc/avr/4.9.1/../../../../avr/lib/avr5/crtm32.o
__vector_14                                       obj/Debug/main.o
                                                  /usr/lib/gcc/avr/4.9.1/../../../../avr/lib/avr5/crtm32.o
__vector_15                                       /usr/lib/gcc/avr/4.9.1/../../../../avr/lib/avr5/crtm32.o
__vector_16                                       /usr/lib/gcc/avr/4.9.1/../../../../avr/lib/avr5/crtm32.o
__vector_17                                       /usr/lib/gcc/avr/4.9.1/../../../../avr/lib/avr5/crtm32.o
__vector_18                                       /usr/lib/gcc/avr/4.9.1/../../../../avr/lib/avr5/crtm32.o
__vector_19                                       /usr/lib/gcc/avr/4.9.1/../../../../avr/lib/avr5/crtm32.o
__vector_2                                        /usr/lib/gcc/avr/4.9.1/../../../../avr/lib/avr5/crtm32.o
__vector_20                                       /usr/lib/gcc/avr/4.9.1/../../../../avr/lib/avr5/crtm32.o
__vector_3                                        /usr/lib/gcc/avr/4.9.1/../../../../avr/lib/avr5/crtm32.o
__vector_4                                        /usr/lib/gcc/avr/4.9.1/../../../../avr/lib/avr5/crtm32.o
__vector_5                                        /usr/lib/gcc/avr/4.9.1/../../../../avr/lib/avr5/crtm32.o
__vector_6                                        /usr/lib/gcc/avr/4.9.1/../../../../avr/lib/avr5/crtm32.o
__vector_7                                        /usr/lib/gcc/avr/4.9.1/../../../../avr/lib/avr5/crtm32.o
__vector_8                                        /usr/lib/gcc/avr/4.9.1/../../../../avr/lib/avr5/crtm32.o
__vector_9                                        /usr/lib/gcc/avr/4.9.1/../../../../avr/lib/avr5/crtm32.o
__vector_default                                  /usr/lib/gcc/avr/4.9.1/../../../../avr/lib/avr5/crtm32.o
__vectors                                         /usr/lib/gcc/avr/4.9.1/../../../../avr/lib/avr5/crtm32.o
_exit                                             /usr/lib/gcc/avr/4.9.1/avr5/libgcc.a(_exit.o)
alternativ_state_call                             obj/Debug/1wire.o
aus_1wire                                         obj/Debug/1wire.o
back_to_idle_state                                obj/Debug/1wire.o
bitstelle_fifo                                    obj/Debug/1wire.o
bitstelle_fifo_fifo_read                          obj/Debug/1wire.o
call_next_state                                   obj/Debug/1wire.o
check_timer                                       obj/Debug/1wire.o
ein_1wire                                         obj/Debug/1wire.o
                                                  obj/Debug/main.o
einstellungen_1wire                               obj/Debug/1wire.o
                                                  obj/Debug/main.o
exit                                              /usr/lib/gcc/avr/4.9.1/avr5/libgcc.a(_exit.o)
                                                  /usr/lib/gcc/avr/4.9.1/../../../../avr/lib/avr5/crtm32.o
extINT_aus                                        obj/Debug/1wire.o
extINT_fallend                                    obj/Debug/1wire.o
extINT_steigend                                   obj/Debug/1wire.o
fifo                                              obj/Debug/1wire.o
getc_1wire                                        obj/Debug/1wire.o
main                                              obj/Debug/main.o
                                                  /usr/lib/gcc/avr/4.9.1/../../../../avr/lib/avr5/crtm32.o
nichts                                            obj/Debug/1wire.o
pinINPUT                                          obj/Debug/1wire.o
pinOUTPUT                                         obj/Debug/1wire.o
putc_1wire                                        obj/Debug/1wire.o
                                                  obj/Debug/main.o
putc_str_1wire                                    obj/Debug/1wire.o
rd                                                obj/Debug/1wire.o
read_bit                                          obj/Debug/1wire.o
read_bit_from_fifo                                obj/Debug/1wire.o
read_byte_from_fifo                               obj/Debug/1wire.o
set_read_bit_to_1                                 obj/Debug/1wire.o
set_state_settings                                obj/Debug/1wire.o
setup_Bus_states                                  obj/Debug/1wire.o
state_call_read                                   obj/Debug/1wire.o
state_call_write                                  obj/Debug/1wire.o
state_count                                       obj/Debug/1wire.o
timer_int_aus                                     obj/Debug/1wire.o
timer_settings                                    obj/Debug/1wire.o
uart_getc                                         obj/Debug/main.o
uart_init                                         obj/Debug/main.o
uart_putc                                         obj/Debug/main.o
uart_puts                                         obj/Debug/main.o
uart_puts_p                                       obj/Debug/main.o
wr                                                obj/Debug/1wire.o
write_bit                                         obj/Debug/1wire.o
write_bit_to_fifo                                 obj/Debug/1wire.o
write_byte_to_fifo                                obj/Debug/1wire.o
write_state                                       obj/Debug/1wire.o
